// Jest Snapshot v1, https://goo.gl/fbAQLP

exports[`ConfigureHelpDesk renders and matches snapshot while closed 1`] = `
<div>
  <div
    hidden=""
    style="position: fixed; top: 1px; left: 1px; width: 1px; height: 0px; padding: 0px; margin: -1px; overflow: hidden; clip: rect(0px, 0px, 0px, 0px); white-space: nowrap; border-width: 0px; display: none;"
  />
</div>
`;

exports[`ConfigureHelpDesk renders and matches snapshot while open 1`] = `
<div
  aria-hidden="true"
>
  <div
    hidden=""
    style="position: fixed; top: 1px; left: 1px; width: 1px; height: 0px; padding: 0px; margin: -1px; overflow: hidden; clip: rect(0px, 0px, 0px, 0px); white-space: nowrap; border-width: 0px; display: none;"
  />
</div>
`;

exports[`IntegrationComponent renders and matches snapshot 1`] = `
<div>
  <li
    class="col-span-1 flex flex-col justify-between bg-white rounded-lg shadow divide-y divide-gray-200"
  >
    <div
      class="p-6 space-y-6"
    >
      <div
        class="w-full flex items-center justify-between space-x-6"
      >
        <div
          class="flex-1 truncate"
        >
          <div
            class="flex items-center"
          >
            <button
              class="flex-shrink-0"
            >
              <svg
                fill="none"
                height="48"
                viewBox="0 0 40 48"
                width="40"
                xmlns="http://www.w3.org/2000/svg"
              >
                <path
                  clip-rule="evenodd"
                  d="M16.9209 14.1817L3.03705 28.3637C1.30192 26.5909 0.217179 24.1535 0 21.2726C0 18.6137 1.30163 15.9546 3.03705 14.1817L17.1381 0C18.8735 1.77286 19.958 4.43172 19.958 7.09086C19.958 9.75001 18.6567 12.4092 16.9212 14.1817H16.9209ZM23.0285 33.8183L37.0644 19.6363C38.8191 21.6306 39.916 24.0683 39.916 26.7271C39.916 29.3863 38.5997 32.0454 36.8455 33.8183L22.809 48C21.0545 46.2271 19.958 43.568 19.958 40.9091C19.958 38.25 21.2737 35.5908 23.0285 33.8183ZM22.6843 14.1817L26.8285 10.0363L37.0803 0C38.8252 1.7455 39.9157 4.36374 39.9157 6.98199C39.9157 9.60023 38.6072 12.2182 36.8619 13.9637L26.8285 24L22.6843 28.1454L16.7954 34.0363L12.6511 38.1817L2.83571 48C1.0905 46.2545 0 43.6363 0 41.018C0 38.3998 1.30883 35.7815 3.05375 34.0363L12.8691 24.218L16.7951 20.0726L22.6843 14.1817Z"
                  fill="#1292EE"
                  fill-rule="evenodd"
                />
              </svg>
            </button>
            <div
              class="ml-5 w-0 flex-1"
              id="helpscout-label"
              role="label"
            >
              Help Scout
            </div>
          </div>
        </div>
        <button
          aria-checked="true"
          aria-describedby="helpscout-description"
          aria-labelledby="helpscout-label"
          class="bg-gray-200 ml-4 relative inline-flex flex-shrink-0 h-6 w-11 border-2 border-transparent rounded-full cursor-pointer transition-colors ease-in-out duration-200 focus:outline-none focus:ring-2 focus:ring-offset-2 focus:ring-sky-500"
          role="switch"
          type="button"
        >
          <span
            aria-hidden="true"
            class="translate-x-0 inline-block h-5 w-5 rounded-full bg-white shadow transform ring-0 transition-transform ease-in-out duration-200"
          />
        </button>
      </div>
      <p
        class="text-sm text-gray-500"
        id="helpscout-description"
      >
        Customer support platform, knowledge base tool, and an contact widget for customer service.
      </p>
    </div>
  </li>
</div>
`;
